// Jest Snapshot v1, https://goo.gl/fbAQLP

exports[`<RepoCard /> should matches with snapshot 1`] = `
.c4 {
  display: -webkit-box;
  display: -webkit-flex;
  display: -ms-flexbox;
  display: flex;
  -webkit-align-items: center;
  -webkit-box-align: center;
  -ms-flex-align: center;
  align-items: center;
  -webkit-column-gap: 0.7rem;
  column-gap: 0.7rem;
}

.c6 {
  text-transform: uppercase;
  font-size: 1.6rem;
  color: #284B63;
}

.c5 {
  -webkit-filter: invert(23%) sepia(6%) saturate(4839%) hue-rotate(162deg) brightness(93%) contrast(82%);
  filter: invert(23%) sepia(6%) saturate(4839%) hue-rotate(162deg) brightness(93%) contrast(82%);
}

.c0 {
  padding: 1.5rem;
  border-radius: 0.6rem;
  display: -webkit-box;
  display: -webkit-flex;
  display: -ms-flexbox;
  display: flex;
  -webkit-flex-direction: column;
  -ms-flex-direction: column;
  flex-direction: column;
  row-gap: 1rem;
  background-color: #D9D9D9;
}

.c0 > * {
  font-size: 1.8rem;
  color: #353535;
}

.c0 > .c3 {
  margin-top: 1rem;
}

.c1 {
  font-weight: 600;
}

.c2 {
  font-weight: 500;
}

<article
  class="c0"
>
  <a
    class="c1"
    href="github.com/repo"
    target="_blank"
  >
    repo name
  </a>
  <p
    class="c2"
  >
    Repository Description lorem ipsum dolor sit amet, consectetur adipiscing elit.
  </p>
  <div
    class="c3 c4"
  >
    <img
      alt="star icon"
      class="c5"
      src="star_empty.svg"
    />
    <p
      class="c6"
    >
      0
       Estrelas
    </p>
  </div>
</article>
`;
