// Jest Snapshot v1, https://goo.gl/fbAQLP

exports[`<StarsCounter /> should matches with snapshot 1`] = `
.c0 {
  display: -webkit-box;
  display: -webkit-flex;
  display: -ms-flexbox;
  display: flex;
  -webkit-align-items: center;
  -webkit-box-align: center;
  -ms-flex-align: center;
  align-items: center;
  -webkit-column-gap: 0.7rem;
  column-gap: 0.7rem;
}

.c2 {
  text-transform: uppercase;
  font-size: 1.6rem;
  color: #284B63;
}

.c1 {
  -webkit-filter: invert(23%) sepia(6%) saturate(4839%) hue-rotate(162deg) brightness(93%) contrast(82%);
  filter: invert(23%) sepia(6%) saturate(4839%) hue-rotate(162deg) brightness(93%) contrast(82%);
}

<div
  class="c0"
>
  <img
    alt="star icon"
    class="c1"
    src="star_fill.svg"
  />
  <p
    class="c2"
  >
    5
     Estrelas
  </p>
</div>
`;
