// Jest Snapshot v1, https://goo.gl/fbAQLP

exports[`<LoadingMessage /> should renders component 1`] = `
.c0 {
  min-height: 100vh;
  max-width: 100vw;
  -webkit-filter: blur(1rem);
  filter: blur(1rem);
  position: relative;
}

<div
  class="c0"
/>
`;
