// Jest Snapshot v1, https://goo.gl/fbAQLP

exports[`<SearchIcon /> should matches with snapshot 1`] = `
.c0 {
  -webkit-filter: invert(16%) sepia(1%) saturate(0%) hue-rotate(332deg) brightness(102%) contrast(86%);
  filter: invert(16%) sepia(1%) saturate(0%) hue-rotate(332deg) brightness(102%) contrast(86%);
}

<img
  class="c0"
  src="search_icon.svg"
/>
`;
